TCOB1 EchoMail area reporter
(DB schema v2)

Statistics from 26-Jan-26 to 01-Feb-26

Area                                26   27   28   29   30   31   01   Total
============================================================================
ALL-POLITICS                         0    0    0    3    1    0    0 :     4
ALLFIX_FILE                         16   15   16   16   24   15   16 :   118
ALLFIX_HELP                          0    1    0    0    0    0    0 :     1
ALT.BBS                              0    0    0    0    1    0    0 :     1
ALT.BBS.ADS                          0    1    0    0    2    0    0 :     3
ALT.BBS.FILES-ANNOUNCE               2    2    2    2    3    2    1 :    14
AMATEUR_RADIO                        0    0    0    0    1    2    0 :     3
AMIGA                                0    0    0    0    0    1    2 :     3
ARROWBRIDGE                          0    0    0    0    0    0    1 :     1
AVIATION                             0    0    0    0    0    3    0 :     3
BASH                                 0    0    0    0    0    0    1 :     1
BBS_ADS                              0    2    2    1    3    2    4 :    14
BBS_CARNIVAL                         4    0    0    0    0    0    1 :     5
BBS_PROMOTION                        0    0    0    0    1    0    0 :     1
CBM                                  1    0    5    1    0    3    2 :    12
CHWARE                               0    0    0    0    0    0    2 :     2
CLASSIC_COMPUTER                     0    0    0    0    0    0    2 :     2
COFFEE_KLATSCH                       7    1    3    0    0    0    0 :    11
COMP.SYS.MAC.ADVOCACY                0    0    0    0   26   41    7 :    74
COMP.SYS.RASPBERRY-PI                1    0    2    1    0    0    0 :     4
CONSPRCY                             6    3    2    8    1    6    0 :    26
COOKING                              9    9   10    7    5    7    0 :    47
DR                                   8    2    2    0    0    0    0 :    12
ECHO_ADS                             0   13    2    4    0   11    0 :    30
ELIST                                0    0    0    0    0    2    2 :     4
ENET.SOFT                            6    6    6    6    7    6    6 :    43
ENET.SYSOP                           0    3    0    0    1    0    0 :     4
ENGLISH_TUTOR                        0    0    0    0    0    1    0 :     1
ESSNASA                              2    2    2    2    2    0    4 :    14
FDECHO                               0    0    0    1    2    1    0 :     4
FDN_ANNOUNCE                         7    7    7    7    8    6    8 :    50
FIDO-REQ                            18   16   16   15   30   17   15 :   127
FIDOTEST                             5    9   11    0    0    7    0 :    32
FMAIL_HELP                           0    0    0    0    0    1    0 :     1
FSX_ADS                             16   13   10   12   14   18   13 :    96
FSX_BBS                              2    0    0    0    1    3    0 :     6
FSX_BOT                              7    9    8   11   10    9   13 :    67
FSX_DAT                            153  109  101  100   85  101   45 :   694
FSX_GAMING                           0    0    1    1    0    0    0 :     2
FSX_GEN                             13    4    0    0   11   13    0 :    41
FSX_HAM                              1    0    0    6    1    0    0 :     8
FSX_MYS                              5   17   14    3    5    0    0 :    44
FSX_NET                              1    0    4   12    3    5    1 :    26
FSX_TST                              9    1    0    0    0    0    8 :    18
FSX_VIDEO                            1    0    0    0    0    0    1 :     2
FTSC_PUBLIC                          2    2    0    2    0    0    1 :     7
FUTURE4FIDO                          5    0    0    0    0    0    0 :     5
GENEALOGY                            0    0    0    1    0    0    0 :     1
HAM                                  1    1   11    1    0    1    1 :    16
HN_ALTERNATIVE                       0    2    1    0    0    0    0 :     3
HN_CHAT                              0    2    1    0    0    0    0 :     3
HN_DIET                              0    3    2    0    0    0    0 :     5
HN_DISEASES                          0    4    3    0    0    0    0 :     7
HN_FITNESS                           0    1    0    0    0    0    0 :     1
HN_STATS                             2    2    2    2    2    2    2 :    14
IPV6                                 0    0    0    0    0    1    0 :     1
LINUX                                0    0    0    0    0    0    1 :     1
LINUX_BBS                            0    1   11    8    7   11   10 :    48
LISTS.CISA-ADVISORIES                1    5    1    4    0    0    0 :    11
LISTS.KERNEL-ANNOUNCE                0    0    0    0    3    0    0 :     3
LISTS.LINUX-HAMS                     1    0    0    1    0    2    0 :     4
LISTS.ZERODAYADVISORIES              0    0    5    0    1    0    0 :     6
LORD                                 0    0    3    0    0    0    1 :     4
MEMORIES                             1    3    3    8    1    1    2 :    19
METBBS                               4    2    2    0    1    0    1 :    10
METGEN                               0    0    1    1    0    0    0 :     2
METRGBBS                             0    1    2    1    0    0    2 :     6
METSYSOP                             0    0    0    1    1    2    0 :     4
MINISTER                             0    2    1    1    0    0    0 :     4
MIN_ADMIN                            0    0    3    0    0    2    4 :     9
MIN_BBS                              0    0    0    0    0    0    2 :     2
MIN_BBSADS                           0    0    0    0    0    2    0 :     2
MIN_CHAT                             7   19   11    4    6    2    2 :    51
MIN_COMP                             3    3    0    0    0    0   16 :    22
MIN_DEBATE                           2    4    0    0    0    2    0 :     8
MIN_GAMES                           10   10   10   10   10   11   10 :    71
MIN_GENAN                            5    5    5    5   17    5    7 :    49
MIN_HAM                              0    2    0    0    1    2    2 :     7
MIN_HUB                              0    0    1    1    0    2    0 :     4
MIN_WEATHER                         14   18   14   15   14   14    8 :    97
MOSCOWTIMES                          8    7    9    9    9    2    1 :    45
NHL                                  8    8    7    8    8    7    8 :    54
NIX_AUTO                             3    5    7    9    6    6    2 :    38
NIX_BBS                              0    5    0    2    3    0    0 :    10
NODELIST-POLICE                      1    0    1    1    6    0    0 :     9
OTHERNETS                            0    2    0    1    1    2    4 :    10
POLITICS                            27   12   14   14    8    9    8 :    92
PUBLIC_KEYS                          0    1    0    0    0    0    0 :     1
RBERRYPI                             1    0    0    3    0    0    0 :     4
RENEGADE_BBS                         1    0    0    0    0    0    0 :     1
RU.FIDO.INTERNET                     0    0    0    0    0    0    3 :     3
RU.FIDO.WWW                          0    0    0    0    0    0    1 :     1
RU.FIDONET.DIGEST                    0    0    2    0    1    0    1 :     4
RU.FIDONET.PR                        0    0    0    0    0    1    0 :     1
RU.FIDONET.TODAY                    23    7   33   24   39    4    9 :   139
RU.FIDORULEZZ                        0    0    1    4    1    0    0 :     6
SPITFIRE                             0    0    0    1    0    0    0 :     1
STATS                                9    9    9    9    9    9   11 :    65
SYNCDATA                            45   33   27   29   26   35   87 :   282
SYNCHRONET                           6    1    3    7   11    8    2 :    38
SYNC_PROGRAMMING                     1    5   10    9   13    7   16 :    61
SYNC_SYSOPS                          0    0    0    2    2    6    2 :    12
TCOB1.INFO                           5    5    5    5    5    5    6 :    36
TCOB1.WEATHER                        0    2    1    1    1    1    0 :     6
TREK                                 0    1    0    0    0    0    0 :     1
TUXPOWER                             6    0    0    0    0    0    0 :     6
UFO                                  3    5    5    4    3    7    2 :    29
UK.TELECOM.VOIP                      0    0    0    0   19    2    1 :    22
UKRNEWS                             85   76   94   72   70   32   20 :   449
UK_FILE_DIST                         1    1    2    1    1    1    1 :     8
UTF-8                                0    0    0    1    0    3    0 :     4
WEATHER                             28   32   30   30   26   29   15 :   190
Z1DAILY                              1    1    1    1    1    0    1 :     6
Z2DAILY                              3    3    3    3    3    3    0 :    18
Z2REGION25                           0    0    1    1    0    0    0 :     2
fidotest                             0    0    0    0    0    1    0 :     1
linux_bbs                            0    0    1    0    0    1    1 :     3
org.kernel.vger.linux-ext4           0    0    0    0    0   49    1 :    50
============================================================================
TOTALS                             623  558  585  536  584  575  430 :  3891
